[www.gfs.com/en-us.html]
[www.gfs.com/es-us.html]
[www.gfs.com/themes/custom/gfs/favicon.ico]
[www.google-analytics.com/analytics.js]
[backblue.gif]
[fade.gif]
[index.html]
[www.gfs.com/sites/default/files/css/css_0ZIgX7oOmX_DwLHPORVLZrD345xey2L5stICPTltI1w.css]
[www.gfs.com/sites/default/files/css/css__kujeCnCozbGU-9XaL0vbLPO4H-YnpL0tCzRtvW1es8.css]
[www.gfs.com/themes/custom/gfs/pwa/apple-touch-icon.png]
[www.gfs.com/themes/custom/gfs/pwa/favicon-32x32.png]
[www.gfs.com/themes/custom/gfs/pwa/favicon-16x16.png]
[www.gfs.com/themes/custom/gfs/pwa/site.webmanifest.html]
[www.gfs.com/themes/custom/gfs/pwa/safari-pinned-tab.svg]
[www.gfs.com/themes/custom/gfs/pwa/favicon.ico]
[www.gfs.com/ruxitagentjs_ICA27Vfgjqrux_10251220909040818.js]
[chatbot.prd.gordonnow.gfs.com/config/3/www-us/gordon-now-chat-env7063.js]
[www.gfs.com/themes/custom/gfs/logo.svg]
[www.gfs.com/en-us/locations/distribution.html]
[www.gfs.com/en-us/sign-in.html]
[www.gfs.com/en-us/about-us.html]
[www.gfs.com/en-us/who-we-serve.html]
[www.gfs.com/en-us/who-we-serve/food-service-show-dates.html]
[www.gfs.com/en-us/become-a-customer.html]
[www.gfs.com/en-us/products/new-products.html]
[www.gfs.com/en-us/products.html]
[www.gfs.com/en-us/products/goodfinds.html]
[www.gfs.com/en-us/products/our-brands.html]
[www.gfs.com/en-us/products/national-brands.html]
[www.gfs.com/en-us/products/quality-assurance.html]
[www.gfs.com/en-us/market-updates.html]
[www.gfs.com/en-us/products/material-safety-data-sheets.html]
[www.gfs.com/en-us/products/kosher-certification-search.html]
[www.gfs.com/en-us/products/clear-choice.html]
[www.gfs.com/en-us/solutions/online-tools.html]
[www.gfs.com/en-us/solutions/culinary-consulting-nutrition-resources.html]
[www.gfs.com/en-us/gordon-culinary-pro.html]
[www.gfs.com/en-us/introducing-gordon-ordering.html]
[www.gfs.com/en-us/gordon-restaurant-pro.html]
[www.gfs.com/en-us/solutions/payment-options.html]
[www.gfs.com/en-us/solutions/professional-services.html]
[www.gfs.com/en-us/ideas/home.html]
[www.gfs.com/sites/default/files/styles/hero_image_modern_/public/hero-modern/NewResource0725.jpg]
[www.gfs.com/sites/default/files/styles/image_promo_tile/public/image-promo-tile/2022 GFS Road-eo Event_26ba70.jpg]
[www.gfs.com/sites/default/files/styles/image_promo_tile_focal_point/public/image-promo-tile/2022 GFS Road-eo Event_26a999.jpg]
[www.gfs.com/sites/default/files/styles/image_promo_tile/public/image-promo-tile/digitaltools48c4.jpg]
[www.gfs.com/sites/default/files/styles/image_promo_tile_focal_point/public/image-promo-tile/digitaltools5963.jpg]
[www.gfs.com/en-us/tools-transition.html]
[www.gfs.com/sites/default/files/styles/image_promo_tile/public/image-promo-tile/HomepageStoresb0cb.jpg]
[www.gfs.com/sites/default/files/styles/image_promo_tile_focal_point/public/image-promo-tile/HomepageStoresf6db.jpg]
[www.gfs.com/sites/default/files/styles/image_promo_tile/public/image-promo-tile/Square Roots Back of House Entrees Orders Kitchence05.jpg]
[www.gfs.com/sites/default/files/styles/image_promo_tile_focal_point/public/image-promo-tile/Square Roots Back of House Entrees Orders Kitchen3507.jpg]
[scontent-ord5-1.cdninstagram.com/v/t51.2885-15/313481109_983759729681411_8009592690765014304_n87bb.jpg]
[scontent-ord5-1.cdninstagram.com/v/t51.2885-15/312813374_643893697178534_5161040838526607281_na9b3.jpg]
[scontent-ord5-1.cdninstagram.com/v/t51.2885-15/305770700_587218606427508_1822865036396530187_n3a61.jpg]
[scontent-ord5-1.cdninstagram.com/v/t51.2885-15/312068007_670941864376199_629282517746031437_n3634.jpg]
[scontent-ord5-1.cdninstagram.com/v/t51.2885-15/311684194_639791587695243_6989423523323943578_nd83f.jpg]
[scontent-ord5-1.cdninstagram.com/v/t51.2885-15/311686319_630698912016850_3387950998738948226_nee86.jpg]
[scontent-ord5-1.cdninstagram.com/v/t51.2885-15/311656066_869407647586887_1634876108015627225_ne17c.jpg]
[scontent-ord5-1.cdninstagram.com/v/t51.2885-15/311640428_1274632443294374_3218458784202257799_n917d.jpg]
[scontent-ord5-1.cdninstagram.com/v/t51.2885-15/311152148_1584504461988180_3208448755579817503_n5498.jpg]
[scontent-ord5-1.cdninstagram.com/v/t51.29350-15/310795559_514056030104999_4774585845623847826_nf783.jpg]
[scontent-ord5-1.cdninstagram.com/v/t51.2885-15/310760285_122677843901757_8149349651991716401_n4da3.jpg]
[www.gfs.com/en-us/privacy-policy.html]
[www.gfs.com/en-us/terms-of-use-agreement.html]
[www.gfs.com/en-us/about-us/contact-us.html]
[www.gfs.com/en-us/faq.html]
[www.gfs.com/en-us/about-us/donations.html]
[www.gfs.com/themes/custom/gfs/build/images/facebook-sm.svg]
[www.gfs.com/themes/custom/gfs/build/images/instagram-sm.svg]
[www.gfs.com/themes/custom/gfs/build/images/linkedin-sm.svg]
[www.gfs.com/themes/custom/gfs/build/images/twitter-sm.svg]
[www.gfs.com/en-us.html]
[www.gfs.com/sites/default/files/js/js_ApWJjdvpgso5PwzBIo8YleRBxa3lfjwfbt_uI7d_h6o.js]
[chatbot.prd.gordonnow.gfs.com/config/3/www-us/gordon-now-chat-env1707.js]
[www.gfs.com/es-us/locations/distribution.html]
[www.gfs.com/es-us/node/264360]
[www.gfs.com/es-us/sobre-nosotros.html]
[www.gfs.com/es-us/a-quien-servimos.html]
[www.gfs.com/es-us/conviértase-en-cliente.html]
[www.gfs.com/es-us/productos/nuevos-productos.html]
[www.gfs.com/es-us/productos.html]
[www.gfs.com/es-us/node/264316]
[www.gfs.com/es-us/productos/nuestras-marcas.html]
[www.gfs.com/es-us/productos/marcas-nacionales.html]
[www.gfs.com/es-us/productos/seguro-de-calidad.html]
[www.gfs.com/es-us/market-updates.html]
[www.gfs.com/es-us/productos/fichas-de-datos-de-seguridad.html]
[www.gfs.com/es-us/productos/cartas-de-certificación-kosher.html]
[www.gfs.com/es-us/products/clear-choice.html]
[www.gfs.com/es-us/soluciones/productos-digitales-y-capacitación.html]
[www.gfs.com/es-us/soluciones/asesoramiento-culinario-y-recursos-de-nutrición.html]
[www.gfs.com/es-us/node/267629]
[www.gfs.com/es-us/node/264494]
[www.gfs.com/es-us/soluciones/opciones-de-pago.html]
[www.gfs.com/es-us/soluciones/servicios-profesionales.html]
[www.gfs.com/es-us/ideas/inicio.html]
[www.gfs.com/sites/default/files/styles/hero_image_modern_/public/hero-modern/GFS-Miami-Driver-female-04583a.jpg]
[www.gfs.com/es-us/productos/nuestras-marcas/trade-east.html]
[www.gfs.com/es-us/productos/nuestras-marcas/brickmans.html]
[www.gfs.com/es-us/política-de-privacidad.html]
[www.gfs.com/es-us/acuerdo-de-términos-de-uso.html]
[www.gfs.com/es-us/sobre-nosotros/contáctenos.html]
[www.gfs.com/es-us/preguntas-frecuentes.html]
[www.gfs.com/es-us/sobre-nosotros/donaciones.html]
[www.gfs.com/es-us.html]
[www.googletagmanager.com/gtm5445.html]
[www.gfs.com/sites/default/files/js/js_ZNN17VvsqxGFqhi_YVPpaN1utGK86dMcRLESmpXxUGk.js]
[www.gfs.com/core/themes/stable/images/core/throbber-active.gif]
[www.gfs.com/core/themes/stable/images/core/loading-small.gif]
[www.gfs.com/core/themes/stable/images/core/throbber-inactive.png]
[www.gfs.com/core/themes/stable/images/core/icons/e32700/error.svg]
[www.gfs.com/core/themes/stable/images/core/icons/e29700/warning.svg]
[www.gfs.com/core/themes/stable/images/core/icons/787878/move.svg]
[www.gfs.com/core/themes/stable/images/core/icons/000000/move.svg]
[www.gfs.com/core/themes/stable/images/core/icons/787878/twistie-down.svg]
[www.gfs.com/core/themes/stable/images/core/tree.png]
[www.gfs.com/core/themes/stable/images/core/tree-bottom.png]
[www.gfs.com/sites/default/files/css/css_0ZIgX7oOmX_DwLHPORVLZrD345xey2L5stICPTltI1w.css]
[www.gfs.com/sites/default/files/css/css__kujeCnCozbGU-9XaL0vbLPO4H-YnpL0tCzRtvW1es8.css]
[www.gfs.com/sites/default/files/css/css_58C_R0W0P2H6D0WUxJDxScuO8fwtR3YOmJSMmSXlYQQ.css]
[www.gfs.com/themes/custom/gfs/pwa/site.webmanifest.html]
[www.gfs.com/themes/custom/gfs/pwa/safari-pinned-tab.svg]
[www.gfs.com/themes/custom/gfs/logo.svg]
[chatbot.prd.gordonnow.gfs.com/config/3/www-us/gordon-now-chat-envd50e.js]
[www.gfs.com/about-us/contact-us]
[www.gfs.com/about-us/social-media]
[www.gfs.com/en-us/locations/distribution.html]
[www.gfs.com/sites/default/files/js/js_SP5eVy-Fj6qa85-IJfemH9Uu7ukVZoqtSUxvEtYg96w.js]
[chatbot.prd.gordonnow.gfs.com/config/3/www-us/gordon-now-chat-envdf44.js]
[www.gfs.com/sites/default/files/inline-images/legacy.png]
[www.gfs.com/sites/default/files/inline-images/gordon-ordering_1.png]
[www.gfs.com/en-us/sign-in.html]
[www.gfs.com/sites/default/files/js/js_1mVLGDe2v6yNFmoreIub9hAnpKW8Y-Fi2R6AQ-kQOn0.js]
[chatbot.prd.gordonnow.gfs.com/config/3/www-us/gordon-now-chat-enva0f5.js]
[www.gfs.com/sites/default/files/styles/hero_image_modern_/public/hero-modern/1942-1@2xd9be.jpg]
[www.gfs.com/sites/default/files/styles/large_tile_with_headline_dark_style/public/large-tile/2019-06/karsten-wurth-karsten-wuerth-104731-unsplash@2xdebf.jpg]
[www.gfs.com/sites/default/files/styles/large_tile_with_headline_dark_style/public/large-tile/2019-06/rectangle-7-copy-10@2x57c4.jpg]
[www.gfs.com/sites/default/files/styles/large_tile_with_headline_dark_style/public/large-tile/2019-06/rectangle-7-copy-13@2xd16c.jpg]
[www.gfs.com/sites/default/files/styles/large_tile_with_headline_dark_style/public/large-tile/2019-07/support-photo7583.png]
[www.gfs.com/sites/default/files/styles/info_tile_image_small/public/info-tiles/2019-06/gfs-growth@2xcf5a.jpg]
[www.gfs.com/sites/default/files/styles/info_tile_image_small/public/info-tiles/2019-06/canada-growth@2xad22.jpg]
[www.gfs.com/sites/default/files/styles/info_tile_image_small/public/info-tiles/2019-06/automated-sort@2xc3ce.jpg]
[www.gfs.com/sites/default/files/styles/info_tile_image_small/public/info-tiles/2019-06/cash-and-carry@2x5155.jpg]
[www.gfs.com/sites/default/files/styles/info_tile_image_small/public/info-tiles/2019-06/two-trailer@2x2d10.jpg]
[www.gfs.com/sites/default/files/styles/info_tile_image_small/public/info-tiles/2019-06/new-leadership@2xa913.jpg]
[www.gfs.com/sites/default/files/styles/info_tile_image_small/public/info-tiles/2019-06/sale-growth@2x5bb0.jpg]
[www.gfs.com/sites/default/files/styles/info_tile_image_small/public/info-tiles/2019-06/gfs-rename@2x8f31.jpg]
[www.gfs.com/sites/default/files/styles/info_tile_image_small/public/info-tiles/2019-07/gordon-partnership@2x7f90.jpg]
[www.gfs.com/sites/default/files/styles/info_tile_image_small/public/info-tiles/2019-07/ben-gordon@2x4f51.jpg]
[www.gfs.com/sites/default/files/styles/info_tile_image_small/public/info-tiles/2019-07/motorized-truck@2xbd34.jpg]
[www.gfs.com/sites/default/files/styles/info_tile_image_small/public/info-tiles/2019-07/isaac-vw@2xca40.jpg]
[www.gfs.com/en-us/about-us/news-and-events/steve-kampstra-retires-cam-godin-becomes-president-gordon-food-service.html]
[www.gfs.com/sites/default/files/styles/card_image/public/news/CamandSteve3b8c9.jpg]
[www.gfs.com/en-us/about-us/news-and-events/square-roots-celebrates-new-indoor-farm-ohio-gordon-food-service.html]
[www.gfs.com/sites/default/files/styles/card_image/public/news/SquareRootsSpringfieldExterior1685.jpg]
[www.gfs.com/en-us/about-us/news-and-events/gordon-food-service-honors-70-supplier-partners-vip-awards.html]
[www.gfs.com/sites/default/files/styles/card_image/public/news/vip 2022_760x400a5aa.jpg]
[www.gfs.com/en-us/about-us/news-and-events/new-gordon-food-service-store-memphis-open-september-29th.html]
[www.gfs.com/sites/default/files/styles/card_image/public/news/memphis2a79.jpg]
[www.gfs.com/en-us/about-us/news-and-events/square-roots-celebrates-new-indoor-farm-kenosha-gordon-food-service.html]
[www.gfs.com/sites/default/files/styles/card_image/public/news/square-roots_0eba1.jpg]
[www.gfs.com/en-us/about-us/news-and-events/gordon-food-service-completes-acquisition-macgregors-meat-seafood-ltd.html]
[www.gfs.com/sites/default/files/styles/card_image/public/news/macgregors_0292a.jpg]
[www.gfs.com/en-us/about-us2679.html]
[www.gfs.com/en-us/about-us.html]
[www.gfs.com/sites/default/files/js/js_5M7gMPgbxp0XHaKi2ZamPjdHVq1OQm6JdmyJTOFqI10.js]
[www.gfs.com/sites/default/files/css/css_gqoz4wMiAXLxYGqGc1DMAVHJeVfh5rHl67iLHbh3x8c.css]
[chatbot.prd.gordonnow.gfs.com/config/3/www-us/gordon-now-chat-env4164.js]
[www.gfs.com/sites/default/files/styles/hero_image_modern_/public/hero-modern/photo2485.jpg]
[www.gfs.com/sites/default/files/styles/extended_content_pod/public/extended-content-pod/image120e.jpg]
[www.gfs.com/sites/default/files/styles/extended_content_pod/public/extended-content-pod/image_03174.jpg]
[www.gfs.com/sites/default/files/styles/extended_content_pod/public/extended-content-pod/Education0683.jpg]
[www.gfs.com/sites/default/files/styles/extended_content_pod/public/extended-content-pod/OtherOperationsaeb7.jpg]
[www.gfs.com/en-us/who-we-serve.html]
[chatbot.prd.gordonnow.gfs.com/config/3/www-us/gordon-now-chat-env35d0.js]
[www.gfs.com/sites/default/files/styles/hero_image_modern_/public/hero-modern/Asian-Tacos-Image3ece.jpg]
[www.gfs.com/mid-atlantic-show]
[www.gfs.com/en-us/mid-atlantic-show.html]
[www.gfs.com/es-us/a-quien-servimos/show-de-gordon-food-service]
[www.gfs.com/en-us/who-we-serve/food-service-show-dates.html]
[www.gfs.com/sites/default/files/css/css_JQyZ9StD4-4I5jikYtL8icbvn1b-f6xMTWUzpXDhKlc.css]
[chatbot.prd.gordonnow.gfs.com/config/3/www-us/gordon-now-chat-envea4d.js]
[www.gfs.com/sites/default/files/styles/hero_image/public/hero-centered/rectangle@2xc206.jpg]
[www.gfs.com/sites/default/files/styles/square_cta_pod_background/public/square-cta-pod/img-store-pod1be9.jpg]
[www.gfs.com/sites/default/files/styles/square_cta_pod_background/public/square-cta-pod/148-a-8187-edited-1a92d.jpg]
[www.gfs.com/en-us/become-a-customer.html]
[www.gfs.com/sites/default/files/js/js_2zdTWmRGCDI8iyUMLgb-reXmYt4z01HlZ3vlqX6nkY0.js]
[www.gfs.com/sites/default/files/css/css_uXadCECsmi81mzSTUZXHWXe8mWz1uwwyLVLRSGH1bx8.css]
[chatbot.prd.gordonnow.gfs.com/config/3/www-us/gordon-now-chat-env72f7.js]
[www.gfs.com/sites/default/files/styles/hero_image_modern_/public/hero-modern/new products us web header385a.jpg]
[www.gfs.com/sites/default/files/styles/inspire_products_featured_main_image/public/inspire-products-featured/resource cups_540x370d5eb.jpg]
[www.gfs.com/sites/default/files/styles/card_image_new_product/public/inspire-products-featured/556170_12-14oz_Cup84ea.jpg]
[www.gfs.com/sites/default/files/styles/card_image_new_product/public/inspire-products-featured/891886_PWB7d4a.jpg]
[www.gfs.com/sites/default/files/styles/card_image_new_product/public/inspire-products-featured/Utensil Flat Lay04c0.jpg]
[www.gfs.com/sites/default/files/styles/card_image_new_product/public/created-to-inspire/2022-10/169109-PWB763c.jpg]
[www.gfs.com/sites/default/files/styles/card_image_new_product/public/created-to-inspire/2022-10/169113-PWBc27d.jpg]
[www.gfs.com/sites/default/files/styles/card_image_new_product/public/created-to-inspire/2022-10/169114-PWB80ed.jpg]
[www.gfs.com/en-us/products/new-products.html]
[www.gfs.com/sites/default/files/js/js_uoknL5LLUvigQASQQ-Awh1hXyTBGBSt7KynwNp1FyjU.js]
[www.gfs.com/sites/default/files/css/css_9f5vQ-t4eAXpPWoYVi4w-bdBThA1JK4F1BM6MVxiBCA.css]
[chatbot.prd.gordonnow.gfs.com/config/3/www-us/gordon-now-chat-envdcbe.js]
[www.gfs.com/en-us/products/product-categories/appetizers-soups-entrees-sides.html]
[www.gfs.com/sites/default/files/styles/card_image_minimal/public/product-card-image/Final-Apps_19ef5.jpg]
[www.gfs.com/en-us/products/product-categories/bakery-products.html]
[www.gfs.com/sites/default/files/styles/card_image_minimal/public/product-card-image/Final-Bakeryd975.jpg]
[www.gfs.com/en-us/products/product-categories/beef.html]
[www.gfs.com/sites/default/files/styles/card_image_minimal/public/product-card-image/Final-Beef831e.jpg]
[www.gfs.com/en-us/products/product-categories/beverages.html]
[www.gfs.com/sites/default/files/styles/card_image_minimal/public/product-card-image/Final-Beverages58cb.jpg]
[www.gfs.com/en-us/products/product-categories/commercial-kitchen-cleaning-and-chemical-supplies.html]
[www.gfs.com/sites/default/files/styles/card_image_minimal/public/product-card-image/Final-CommercialKitchenCleaningChemicalSuppliesd48f.jpg]
[www.gfs.com/en-us/products/product-categories/commercial-kitchen-equipment-and-supplies.html]
[www.gfs.com/sites/default/files/styles/card_image_minimal/public/product-card-image/Final-CommercialKitchen14b2.jpg]
[www.gfs.com/en-us/products/product-categories/dairy.html]
[www.gfs.com/sites/default/files/styles/card_image_minimal/public/product-card-image/Final-Dairyd551.jpg]
[www.gfs.com/en-us/products/product-categories/dining-supplies.html]
[www.gfs.com/sites/default/files/styles/card_image_minimal/public/product-card-image/Final-DiningSuppliesV22643.jpg]
[www.gfs.com/en-us/products/product-categories/disposables.html]
[www.gfs.com/sites/default/files/styles/card_image_minimal/public/product-card-image/Final-Disposables_NoLogo_0827a.jpg]
[www.gfs.com/en-us/products/product-categories/fruits-and-vegetables.html]
[www.gfs.com/sites/default/files/styles/card_image_minimal/public/product-card-image/Final-FruitsVegV2fe35.jpg]
[www.gfs.com/en-us/products/product-categories/grocery-products.html]
[www.gfs.com/sites/default/files/styles/card_image_minimal/public/product-card-image/Final-Grocery582d.jpg]
[www.gfs.com/en-us/products/product-categories/pork.html]
[www.gfs.com/sites/default/files/styles/card_image_minimal/public/product-card-image/Final-Porkf69c.jpg]
[www.gfs.com/en-us/products/product-categories/poultry.html]
[www.gfs.com/sites/default/files/styles/card_image_minimal/public/product-card-image/Final-Poultrydd2e.jpg]
[www.gfs.com/en-us/products/product-categories/sausages-and-hot-dogs.html]
[www.gfs.com/sites/default/files/styles/card_image_minimal/public/product-card-image/Final-SausagesHotDogsa8a3.jpg]
[www.gfs.com/en-us/products/product-categories/seafood.html]
[www.gfs.com/sites/default/files/styles/card_image_minimal/public/product-card-image/Final-Seafoode31b.jpg]
[www.gfs.com/en-us/products/product-categories/special-diet.html]
[www.gfs.com/sites/default/files/styles/card_image_minimal/public/product-card-image/Final-SpecialtyDiets35e7.jpg]
[www.gfs.com/en-us/products/product-categories/specialty-meats-lamb-veal-and-more.html]
[www.gfs.com/sites/default/files/styles/card_image_minimal/public/product-card-image/Final-SpecialtyMeatsae13.jpg]
[www.gfs.com/en-us/products.html]
[www.gfs.com/sites/default/files/js/js_zK-ssvk0YmVJzwfbWxJbM122eqySNcEzU3RmS8RBlrw.js]
[chatbot.prd.gordonnow.gfs.com/config/3/www-us/gordon-now-chat-enva914.js]
[www.gfs.com/sites/default/files/2021-09/header image.png]
[www.gfs.com/sites/default/files/inline-images/hand full of dirt.jpg]
[www.gfs.com/sites/default/files/inline-images/walking through corn stalks.jpg]
[www.gfs.com/sites/default/files/inline-images/lettuce in field.jpg]
[www.gfs.com/sites/default/files/2021-11/logos.jpg]
[www.gfs.com/sites/default/files/styles/image_promo_tile/public/image-promo-tile/blog post background - indoor agriculture1689.jpg]
[www.gfs.com/sites/default/files/styles/image_promo_tile_focal_point/public/image-promo-tile/blog post background - indoor agriculture824f.jpg]
[www.gfs.com/en-us/ideas/redefining-farming-we-know-it.html]
[www.gfs.com/sites/default/files/styles/image_promo_tile/public/image-promo-tile/blog post background - fair wages3dad.jpg]
[www.gfs.com/sites/default/files/styles/image_promo_tile_focal_point/public/image-promo-tile/blog post background - fair wages57fa.jpg]
[www.gfs.com/en-us/ideas/its-more-farming-its-livelihood.html]
[www.gfs.com/sites/default/files/styles/image_promo_tile/public/image-promo-tile/blog post background - minority business owners (larger)107b.jpg]
[www.gfs.com/sites/default/files/styles/image_promo_tile_focal_point/public/image-promo-tile/blog post background - minority business owners (larger)379b.jpg]
[www.gfs.com/en-us/ideas/bringing-more-table-celebrating-minority-owned-businesses.html]
[www.gfs.com/en-us/products/goodfinds.html]
[www.gfs.com/sites/default/files/js/js_fcRk4KKo2-4K1_mxr6HI4Cc4f9g4bYya-Gd0PJuMLs0.js]
[chatbot.prd.gordonnow.gfs.com/config/3/www-us/gordon-now-chat-env7fa0.js]
[www.gfs.com/en-us/products/our-brands/array.html]
[www.gfs.com/sites/default/files/styles/card_image_brand_logo/public/brand-logos/array-logo@2x2db8.png]
[www.gfs.com/en-us/products/our-brands/brickmans.html]
[www.gfs.com/sites/default/files/styles/card_image_brand_logo/public/brand-logos/brickmans-4-c@2x4fcc.png]
[www.gfs.com/en-us/products/our-brands/gordon-choice.html]
[www.gfs.com/sites/default/files/styles/card_image_brand_logo/public/brand-logos/Gordon_Choice_EN_RGBfb63.jpg]
[www.gfs.com/en-us/products/our-brands/gordon-signature.html]
[www.gfs.com/sites/default/files/styles/card_image_brand_logo/public/brand-logos/gordon-signature-4-c@2xd647.png]
[www.gfs.com/en-us/products/our-brands/gran-sazon.html]
[www.gfs.com/sites/default/files/styles/card_image_brand_logo/public/brand-logos/gran-sazon-4-c@2x7de2.png]
[www.gfs.com/en-us/products/our-brands/halperns.html]
[www.gfs.com/sites/default/files/styles/card_image_brand_logo/public/brand-logos/halperns-logo-new-2-color@2xd93c.png]
[www.gfs.com/en-us/products/our-brands/halperns-angus-beef.html]
[www.gfs.com/sites/default/files/styles/card_image_brand_logo/public/brand-logos/HAB brand page logoebe1.jpg]
[www.gfs.com/en-us/products/our-brands/harvest-valley.html]
[www.gfs.com/sites/default/files/styles/card_image_brand_logo/public/brand-logos/harvest-valley-4-c@2x2087.png]
[www.gfs.com/en-us/products/our-brands/hearthstone.html]
[www.gfs.com/sites/default/files/styles/card_image_brand_logo/public/brand-logos/hearthstone-4-c@2x3ee2.png]
[www.gfs.com/en-us/products/our-brands/kitchen-essentials.html]
[www.gfs.com/sites/default/files/styles/card_image_brand_logo/public/brand-logos/Kitchen Essential_Final_ENGa4dc.jpg]
[www.gfs.com/en-us/products/our-brands/markon.html]
[www.gfs.com/sites/default/files/styles/card_image_brand_logo/public/brand-logos/markon-bud-logo6554.png]
[www.gfs.com/en-us/products/our-brands/mosaic-coffee-tea.html]
[www.gfs.com/sites/default/files/styles/card_image_brand_logo/public/brand-logos/Mosaic-Parent-Logo7d53.jpg]
[www.gfs.com/en-us/products/our-brands/pepper-mill.html]
[www.gfs.com/sites/default/files/styles/card_image_brand_logo/public/brand-logos/pepper-mill-logo-shield-rgb-7741@2xe9ec.png]
[www.gfs.com/en-us/products/our-brands/primo-gusto.html]
[www.gfs.com/sites/default/files/styles/card_image_brand_logo/public/brand-logos/primo-gusto-4-c@2x7f35.png]
[www.gfs.com/en-us/products/our-brands/resource.html]
[www.gfs.com/sites/default/files/styles/card_image_brand_logo/public/brand-logos/logo21e00.jpg]
[www.gfs.com/en-us/products/our-brands/sienna-bakery.html]
[www.gfs.com/sites/default/files/styles/card_image_brand_logo/public/brand-logos/sienna-bakery-4-c-0@2x3482.png]
[www.gfs.com/en-us/products/our-brands/trade-east-spices-seasonings.html]
[www.gfs.com/sites/default/files/styles/card_image_brand_logo/public/brand-logos/Trade East Logo_06389.png]
[www.gfs.com/sites/default/files/js/js_ZxPQJeUYx_B2b4lIBHYzB2U5nFokSfEb_I5DH1ANQOw.js]
[www.gfs.com/en-us/products/our-brands.html]
[www.gfs.com/sites/default/files/css/css_ITOapur0iidMOotLNqG9jPRAznKw6dDJFH2M_SHslMI.css]
[www.gfs.com/core/assets/vendor/modernizr/modernizr.minad3d.js]
[www.gfs.com/core/misc/modernizr-additional-testsad3d.js]
[www.recaptcha.net/recaptcha/apid065.js]
[chatbot.prd.gordonnow.gfs.com/config/3/www-us/gordon-now-chat-env4e93.js]
[www.gfs.com/sites/default/files/styles/hero_image/public/heros/2018-01/Chicken and Waffle Sandwich 1423x341a0b5.jpg]
[www.gfs.com/en/products/our-brands]
[www.gfs.com/en-us/products/national-brands.html]
[www.gfs.com/sites/default/files/js/js_ZcBttf094IlGnSYQnBF60PYNFm-a06f43o1Lh0V3DPY.js]
[chatbot.prd.gordonnow.gfs.com/config/3/www-us/gordon-now-chat-env2bb2.js]
[www.gfs.com/sites/default/files/styles/hero_image/public/heros/2017-11/quality-assurance-hero0c16.jpg]
[www.gfs.com/themes/custom/gfs/build/images/core-promo-dc.png]
[www.gfs.com/themes/custom/gfs/build/images/core-promo-stores2.png]
[www.gfs.com/themes/custom/gfs/build/images/core-promo-become-a-customer.png]
[www.gfs.com/en-us/products/quality-assurance.html]
[www.gfs.com/sites/default/files/css/css_tbF10I9Y4mmiwgTfx2rUjJcd6-SjGS0a68XngL4Q5Rw.css]
[chatbot.prd.gordonnow.gfs.com/config/3/www-us/gordon-now-chat-env29d7.js]
[www.gfs.com/sites/default/files/styles/market_update_header_image/public/market-updates/136910_SBChocChunkCaramel_Ecom_Beauty34de.jpg]
[www.gfs.com/en-us/print/pdf/market_update_section/Dairy Section for Market Update October 21 2022.pdf]
[www.gfs.com/sites/default/files/market-update-icons/icon-dairy.svg]
[www.gfs.com/en-us/print/pdf/market_update_section/Grocery  Bakery Section for Market Update October 21 2022.pdf]
[www.gfs.com/sites/default/files/market-update-icons/icon-grocery-bakery.svg]
[www.gfs.com/en-us/print/pdf/market_update_section/Grocery  Bakery Section for Market Update October 21 2022-2.pdf]
[www.gfs.com/entityprint/pdf/node/267681]
[www.gfs.com/en-us/entityprint/pdf/node/267681]
[www.gfs.com/en-us/print/pdf/node/Market Update October 21 2022.pdf]
[www.gfs.com/en-us/market-updates/2022/10/21.html]
[www.gfs.com/en-us/market-updates/2022/10/14.html]
[www.gfs.com/en-us/market-updates/2022/10/07.html]
[www.gfs.com/en-us/market-updates/2022/09/30.html]
[www.gfs.com/en-us/market-updates/2022/09/23.html]
[www.gfs.com/market-updates/feed]
[www.gfs.com/en-us/market-updates/feed]
[www.gfs.com/en-us/market-updates.html]
[www.gfs.com/sites/default/files/js/js_zXXdV11l5PTVSOt7Z8tyKF0wenbIA6mdik-kb5UuJOE.js]
[chatbot.prd.gordonnow.gfs.com/config/3/www-us/gordon-now-chat-env862f.js]
[www.gfs.com/sites/default/files/styles/hero_image/public/heros/2017-11/array-hero4f3f.jpg]
[www.gfs.com/en-us/solutions/chemical-beverage-services]
[www.gfs.com/en-us/products/material-safety-data-sheets.html]
[www.gfs.com/en-us/products/kosher-certification-search.html]
[chatbot.prd.gordonnow.gfs.com/config/3/www-us/gordon-now-chat-enve273.js]
